[17785:0x102804600]       43 ms: Scavenge 3.1 (9.0) -> 2.8 (10.0) MB, 0.7 / 0.0 ms  allocation failure 
[17785:0x102804600]       44 ms: Scavenge 3.1 (10.0) -> 3.1 (11.0) MB, 0.8 / 0.0 ms  allocation failure 
[17785:0x102804600]       45 ms: Scavenge 3.8 (11.0) -> 3.8 (13.0) MB, 0.9 / 0.0 ms  allocation failure 
[17785:0x102804600]       47 ms: Scavenge 5.1 (13.0) -> 5.0 (14.0) MB, 1.1 / 0.0 ms  allocation failure 
[17785:0x102804600]       49 ms: Scavenge 5.7 (14.0) -> 5.7 (19.0) MB, 1.4 / 0.0 ms  allocation failure 
[17785:0x102804600]       54 ms: Scavenge 9.0 (19.0) -> 8.9 (20.0) MB, 2.7 / 0.0 ms  allocation failure 
[17785:0x102804600]       57 ms: Scavenge 9.7 (20.0) -> 9.7 (31.0) MB, 3.1 / 0.0 ms  allocation failure 
[17785:0x102804600]       64 ms: Scavenge 16.8 (31.0) -> 16.7 (32.0) MB, 4.9 / 0.0 ms  allocation failure 
[17785:0x102804600]       72 ms: Scavenge 17.5 (32.0) -> 17.5 (55.0) MB, 7.1 / 0.0 ms  allocation failure 
[17785:0x102804600]       86 ms: Scavenge 32.4 (55.0) -> 32.1 (56.0) MB, 9.5 / 0.0 ms  allocation failure 
[17785:0x102804600]      100 ms: Scavenge 33.3 (56.0) -> 33.3 (70.0) MB, 13.1 / 0.0 ms  allocation failure 
[17785:0x102804600]      110 ms: Scavenge 47.9 (70.0) -> 47.6 (72.0) MB, 7.5 / 0.0 ms  allocation failure 
[17785:0x102804600]      124 ms: Scavenge 49.0 (72.0) -> 49.0 (86.0) MB, 13.8 / 0.0 ms  allocation failure 
[17785:0x102804600]      135 ms: Scavenge 64.1 (86.8) -> 64.1 (88.8) MB, 8.2 / 0.0 ms  allocation failure 
[17785:0x102804600]      148 ms: Scavenge 65.6 (88.8) -> 65.6 (102.8) MB, 13.1 / 0.0 ms  allocation failure 
[17785:0x102804600]      158 ms: Scavenge 79.8 (102.8) -> 79.8 (104.8) MB, 8.1 / 0.0 ms  allocation failure 
[17785:0x102804600]      172 ms: Scavenge 81.3 (104.8) -> 81.3 (118.8) MB, 13.4 / 0.0 ms  allocation failure 
[17785:0x102804600]      183 ms: Scavenge 96.8 (120.1) -> 96.8 (122.1) MB, 7.9 / 0.0 ms  allocation failure 
[17785:0x102804600]      199 ms: Scavenge 98.3 (122.1) -> 98.3 (136.1) MB, 16.0 / 0.0 ms  allocation failure 
[17785:0x102804600]      210 ms: Scavenge 112.5 (136.1) -> 112.5 (138.1) MB, 7.9 / 0.0 ms  allocation failure 
[17785:0x102804600]      224 ms: Scavenge 114.0 (138.1) -> 114.0 (152.1) MB, 14.1 / 0.0 ms  allocation failure 
[17785:0x102804600]      233 ms: Scavenge 128.3 (152.1) -> 128.3 (154.1) MB, 7.4 / 0.0 ms  allocation failure 
[17785:0x102804600]      249 ms: Scavenge 129.7 (154.1) -> 129.7 (168.1) MB, 15.7 / 0.0 ms  allocation failure 
[17785:0x102804600]      261 ms: Scavenge 145.8 (169.9) -> 145.8 (171.9) MB, 8.0 / 0.0 ms  allocation failure 
[17785:0x102804600]      275 ms: Scavenge 147.3 (171.9) -> 147.3 (185.9) MB, 14.0 / 0.0 ms  allocation failure 
[17785:0x102804600]      286 ms: Scavenge 161.6 (185.9) -> 161.6 (187.9) MB, 8.4 / 0.0 ms  allocation failure 
[17785:0x102804600]      301 ms: Scavenge 163.0 (187.9) -> 163.0 (201.9) MB, 15.0 / 0.0 ms  allocation failure 
[17785:0x102804600]      313 ms: Scavenge 177.3 (201.9) -> 177.3 (203.9) MB, 9.2 / 0.0 ms  allocation failure 
[17785:0x102804600]      329 ms: Scavenge 178.8 (203.9) -> 178.8 (217.9) MB, 15.5 / 0.0 ms  allocation failure 
[17785:0x102804600]      340 ms: Scavenge 193.0 (217.9) -> 193.0 (219.9) MB, 8.8 / 0.0 ms  allocation failure 
[17785:0x102804600]      353 ms: Scavenge 194.5 (219.9) -> 194.5 (233.9) MB, 13.5 / 0.0 ms  allocation failure 
[17785:0x102804600] Increasing marking speed to 3 due to high promotion rate
[17785:0x102804600]      373 ms: Scavenge 211.5 (236.7) -> 211.5 (239.7) MB, 10.3 / 0.0 ms  (+ 3.4 ms in 108 steps since last GC) allocation failure 
[17785:0x102804600]      393 ms: Scavenge 214.5 (239.7) -> 214.4 (255.7) MB, 16.5 / 0.0 ms  (+ 3.5 ms in 154 steps since last GC) allocation failure 
[17785:0x102804600]      433 ms: Scavenge 230.1 (255.7) -> 230.1 (271.7) MB, 16.6 / 0.0 ms  (+ 20.5 ms in 403 steps since last GC) allocation failure 
[17785:0x102804600]      471 ms: Scavenge 245.9 (271.7) -> 245.8 (287.7) MB, 16.5 / 0.0 ms  (+ 19.4 ms in 652 steps since last GC) allocation failure 
[17785:0x102804600]      514 ms: Scavenge 261.6 (287.7) -> 261.6 (303.7) MB, 20.7 / 0.0 ms  (+ 19.7 ms in 901 steps since last GC) allocation failure 
[17785:0x102804600]      563 ms: Scavenge 277.3 (303.7) -> 277.3 (319.7) MB, 15.9 / 0.0 ms  (+ 29.8 ms in 1150 steps since last GC) allocation failure 
[17785:0x102804600]      594 ms: Mark-sweep 286.4 (319.7) -> 283.1 (317.6) MB, 5.0 / 0.0 ms  (+ 121.4 ms in 1296 steps since start of marking, biggest step 0.2 ms) GC interrupt GC in old space requested
[17785:0x102804600]      614 ms: Scavenge 289.7 (317.6) -> 289.7 (325.6) MB, 18.0 / 0.0 ms  allocation failure 
[17785:0x102804600]      629 ms: Scavenge 303.0 (329.7) -> 303.0 (336.7) MB, 10.6 / 0.0 ms  allocation failure 
[17785:0x102804600]      641 ms: Scavenge 309.5 (336.7) -> 309.5 (345.7) MB, 11.5 / 0.0 ms  allocation failure 
[17785:0x102804600]      654 ms: Scavenge 318.7 (345.7) -> 318.7 (352.7) MB, 11.3 / 0.0 ms  allocation failure 
[17785:0x102804600]      667 ms: Scavenge 325.3 (352.7) -> 325.3 (361.7) MB, 11.6 / 0.0 ms  allocation failure 
[17785:0x102804600]      679 ms: Scavenge 334.5 (361.7) -> 334.5 (368.7) MB, 10.5 / 0.0 ms  allocation failure 
[17785:0x102804600]      691 ms: Scavenge 341.0 (368.7) -> 341.0 (377.7) MB, 11.2 / 0.0 ms  allocation failure 
[17785:0x102804600]      705 ms: Scavenge 350.2 (377.7) -> 350.2 (384.7) MB, 12.3 / 0.0 ms  allocation failure 
[17785:0x102804600]      719 ms: Scavenge 356.7 (384.7) -> 356.7 (393.7) MB, 13.3 / 0.0 ms  allocation failure 
[17785:0x102804600]      731 ms: Scavenge 365.9 (393.7) -> 365.9 (400.7) MB, 10.1 / 0.0 ms  allocation failure 
[17785:0x102804600]      743 ms: Scavenge 372.5 (400.7) -> 372.5 (409.7) MB, 11.6 / 0.0 ms  allocation failure 
[17785:0x102804600]      755 ms: Scavenge 381.7 (409.7) -> 381.7 (416.7) MB, 10.4 / 0.0 ms  allocation failure 
[17785:0x102804600]      769 ms: Scavenge 388.2 (416.7) -> 388.2 (425.7) MB, 13.1 / 0.0 ms  allocation failure 
[17785:0x102804600]      780 ms: Scavenge 397.4 (425.7) -> 397.4 (432.7) MB, 10.0 / 0.0 ms  allocation failure 
[17785:0x102804600]      793 ms: Scavenge 404.0 (432.7) -> 403.9 (441.7) MB, 11.6 / 0.0 ms  allocation failure 
[17785:0x102804600]      804 ms: Scavenge 413.1 (441.7) -> 413.1 (448.7) MB, 10.4 / 0.0 ms  allocation failure 
[17785:0x102804600]      819 ms: Scavenge 419.7 (448.7) -> 419.7 (457.7) MB, 13.5 / 0.0 ms  allocation failure 
[17785:0x102804600]      831 ms: Scavenge 428.9 (457.7) -> 428.9 (464.7) MB, 10.5 / 0.0 ms  allocation failure 
[17785:0x102804600]      844 ms: Scavenge 435.4 (464.7) -> 435.4 (473.7) MB, 11.6 / 0.0 ms  allocation failure 
[17785:0x102804600]      855 ms: Scavenge 444.6 (473.7) -> 444.6 (480.7) MB, 10.5 / 0.0 ms  allocation failure 
[17785:0x102804600]      873 ms: Scavenge 457.3 (486.9) -> 457.3 (495.9) MB, 12.6 / 0.0 ms  allocation failure 
[17785:0x102804600]      885 ms: Scavenge 466.5 (495.9) -> 466.5 (502.9) MB, 10.5 / 0.0 ms  allocation failure 
[17785:0x102804600]      897 ms: Scavenge 473.1 (502.9) -> 473.1 (511.9) MB, 11.5 / 0.0 ms  allocation failure 
[17785:0x102804600]      909 ms: Scavenge 482.3 (511.9) -> 482.3 (518.9) MB, 10.8 / 0.0 ms  allocation failure 
[17785:0x102804600]      923 ms: Scavenge 488.8 (518.9) -> 488.8 (527.9) MB, 13.3 / 0.0 ms  allocation failure 
[17785:0x102804600]      937 ms: Scavenge 498.0 (527.9) -> 498.0 (534.9) MB, 11.9 / 0.0 ms  allocation failure 
[17785:0x102804600]      950 ms: Scavenge 504.6 (534.9) -> 504.5 (543.9) MB, 11.8 / 0.0 ms  allocation failure 
[17785:0x102804600]      962 ms: Scavenge 513.7 (543.9) -> 513.7 (550.9) MB, 10.4 / 0.0 ms  allocation failure 
[17785:0x102804600]      974 ms: Scavenge 520.3 (550.9) -> 520.3 (559.9) MB, 11.6 / 0.0 ms  allocation failure 
[17785:0x102804600]      986 ms: Scavenge 529.5 (559.9) -> 529.5 (566.9) MB, 10.6 / 0.0 ms  allocation failure 
[17785:0x102804600]     1000 ms: Scavenge 536.0 (566.9) -> 536.0 (575.9) MB, 13.3 / 0.0 ms  allocation failure 
[17785:0x102804600]     1014 ms: Scavenge 545.2 (575.9) -> 545.2 (582.9) MB, 12.3 / 0.0 ms  allocation failure 
[17785:0x102804600]     1030 ms: Scavenge 551.8 (582.9) -> 551.8 (591.9) MB, 14.1 / 0.0 ms  allocation failure 
[17785:0x102804600]     1042 ms: Scavenge 560.9 (591.9) -> 560.9 (598.9) MB, 10.6 / 0.0 ms  allocation failure 
[17785:0x102804600]     1056 ms: Scavenge 567.5 (598.9) -> 567.5 (607.9) MB, 13.0 / 0.0 ms  allocation failure 
[17785:0x102804600]     1067 ms: Scavenge 576.7 (607.9) -> 576.7 (614.9) MB, 10.2 / 0.0 ms  allocation failure 
[17785:0x102804600]     1080 ms: Scavenge 583.2 (614.9) -> 583.2 (623.9) MB, 12.1 / 0.0 ms  allocation failure 
[17785:0x102804600]     1093 ms: Scavenge 592.4 (623.9) -> 592.4 (630.9) MB, 10.9 / 0.0 ms  allocation failure 
[17785:0x102804600]     1105 ms: Scavenge 599.0 (630.9) -> 599.0 (639.9) MB, 11.9 / 0.0 ms  allocation failure 
[17785:0x102804600]     1117 ms: Scavenge 608.2 (639.9) -> 608.1 (646.9) MB, 10.5 / 0.0 ms  allocation failure 
[17785:0x102804600]     1130 ms: Scavenge 614.7 (646.9) -> 614.7 (655.9) MB, 12.2 / 0.0 ms  allocation failure 
[17785:0x102804600]     1143 ms: Scavenge 623.9 (655.9) -> 623.9 (662.9) MB, 11.0 / 0.0 ms  allocation failure 
[17785:0x102804600]     1156 ms: Scavenge 630.4 (662.9) -> 630.4 (671.9) MB, 12.1 / 0.0 ms  allocation failure 
[17785:0x102804600]     1168 ms: Scavenge 639.6 (671.9) -> 639.6 (678.9) MB, 10.6 / 0.0 ms  allocation failure 
[17785:0x102804600]     1180 ms: Scavenge 646.2 (678.9) -> 646.2 (687.9) MB, 11.6 / 0.0 ms  allocation failure 
[17785:0x102804600]     1193 ms: Scavenge 655.4 (687.9) -> 655.4 (694.9) MB, 11.7 / 0.0 ms  allocation failure 
[17785:0x102804600]     1208 ms: Scavenge 661.9 (694.9) -> 661.9 (703.9) MB, 13.7 / 0.0 ms  allocation failure 
[17785:0x102804600]     1227 ms: Scavenge 671.1 (703.9) -> 671.1 (710.9) MB, 17.3 / 0.0 ms  allocation failure 
[17785:0x102804600]     1252 ms: Scavenge 686.9 (720.2) -> 686.9 (729.2) MB, 14.7 / 0.0 ms  allocation failure 
[17785:0x102804600]     1267 ms: Scavenge 696.1 (729.2) -> 696.1 (736.2) MB, 13.6 / 0.0 ms  allocation failure 
[17785:0x102804600]     1302 ms: Scavenge 702.7 (736.2) -> 702.7 (745.2) MB, 33.6 / 0.0 ms  allocation failure 
[17785:0x102804600]     1318 ms: Scavenge 711.8 (745.2) -> 711.8 (752.2) MB, 14.3 / 0.0 ms  allocation failure 
[17785:0x102804600]     1337 ms: Scavenge 718.4 (752.2) -> 718.4 (761.2) MB, 17.2 / 0.0 ms  allocation failure 
[17785:0x102804600]     1351 ms: Scavenge 727.6 (761.2) -> 727.6 (768.2) MB, 12.0 / 0.0 ms  allocation failure 
[17785:0x102804600]     1369 ms: Scavenge 734.1 (768.2) -> 734.1 (777.2) MB, 16.5 / 0.0 ms  allocation failure 
[17785:0x102804600]     1386 ms: Scavenge 743.3 (777.2) -> 743.3 (784.2) MB, 15.2 / 0.0 ms  allocation failure 
[17785:0x102804600]     1405 ms: Scavenge 749.9 (784.2) -> 749.9 (793.2) MB, 17.6 / 0.0 ms  allocation failure 
[17785:0x102804600]     1438 ms: Scavenge 759.1 (793.2) -> 759.1 (800.2) MB, 30.4 / 0.0 ms  allocation failure 
[17785:0x102804600]     1462 ms: Scavenge 765.6 (800.2) -> 765.6 (809.2) MB, 23.1 / 0.0 ms  allocation failure 
[17785:0x102804600]     1481 ms: Scavenge 774.8 (809.2) -> 774.8 (816.2) MB, 16.9 / 0.0 ms  allocation failure 
[17785:0x102804600]     1502 ms: Scavenge 781.3 (816.2) -> 781.3 (825.2) MB, 19.6 / 0.0 ms  allocation failure 
[17785:0x102804600]     1521 ms: Scavenge 790.5 (825.2) -> 790.5 (832.2) MB, 16.4 / 0.0 ms  allocation failure 
[17785:0x102804600]     1541 ms: Scavenge 797.1 (832.2) -> 797.1 (841.2) MB, 17.3 / 0.0 ms  allocation failure 
[17785:0x102804600]     1556 ms: Scavenge 806.3 (841.2) -> 806.3 (848.2) MB, 13.1 / 0.0 ms  allocation failure 
[17785:0x102804600]     1574 ms: Scavenge 812.8 (848.2) -> 812.8 (857.2) MB, 16.9 / 0.0 ms  allocation failure 
[17785:0x102804600]     1592 ms: Scavenge 822.0 (857.2) -> 822.0 (864.2) MB, 16.3 / 0.0 ms  allocation failure 
[17785:0x102804600]     1612 ms: Scavenge 828.5 (864.2) -> 828.5 (873.2) MB, 18.2 / 0.0 ms  allocation failure 
